当前数据源: diggold
掘金SDK可用: True
成功! 获取到 36 条数据
日期范围: 2025-01-02 00:00:00 到 2025-02-28 00:00:00
